Игра создана, загадано: лабет
Игра началась, загаданное слово: лабет
Количество попыток игрока: 1
Игра началась, загаданное слово: лабет
Количество попыток игрока: 2
Игра началась, загаданное слово: лабет
Игрок запросил подсказку компьютера
Игра началась, загаданное слово: лабет
Количество попыток игрока: 3
Игра началась, загаданное слово: лабет
Игрок запросил подсказку компьютера
Игра началась, загаданное слово: лабет
Количество попыток игрока: 4
Игра началась, загаданное слово: лабет
Количество попыток игрока: 5
Игра началась, загаданное слово: лабет
Игрок запросил подсказку компьютера
Игра началась, загаданное слово: лабет
Игрок угадал слово!
Игра завершена
